[09/06/2026 18:34:56] Error processing test_p3ds/Walsh_SF_MLOD.p3d: Deactivated Tagg?
[09/06/2026 18:34:57] Error processing test_p3ds/Walsh_BNVD_D_MLOD.p3d: Deactivated Tagg?
[09/06/2026 18:34:57] Error processing test_p3ds/Walsh_BNVD_U_MLOD.p3d: Deactivated Tagg?
[09/06/2026 18:34:57] Error processing test_p3ds/Walsh_G24_MLOD.p3d: Deactivated Tagg?
[09/06/2026 18:34:57] Error processing test_p3ds/Walsh_G3_aw_g_MLOD.p3d: Deactivated Tagg?
[09/06/2026 18:34:57] Error processing test_p3ds/Walsh_G3_aw_ng_MLOD.p3d: Deactivated Tagg?
[09/06/2026 18:34:57] Error processing test_p3ds/Walsh_G4_G_MLOD.p3d: Deactivated Tagg?
[09/06/2026 18:34:57] Error processing test_p3ds/Walsh_G4_MLOD.p3d: Deactivated Tagg?
[09/06/2026 18:34:57] Error processing test_p3ds/Walsh_G4_QR_G_MLOD.p3d: Deactivated Tagg?
[09/06/2026 18:34:57] Error processing test_p3ds/Walsh_G4_QR_MLOD.p3d: Deactivated Tagg?
[09/06/2026 18:34:58] Error processing test_p3ds/Walsh_JPC_163_MLOD.p3d: Deactivated Tagg?
[09/06/2026 18:34:58] Error processing test_p3ds/Walsh_LV119_MLOD.p3d: Deactivated Tagg?
[09/06/2026 18:34:58] Error processing test_p3ds/Walsh_LV119_Panel_MLOD.p3d: Deactivated Tagg?
[09/06/2026 18:39:00] Error processing test_p3ds/Walsh_BNVD_U_MLOD.p3d: Deactivated Tagg?
[09/06/2026 18:39:00] Error processing test_p3ds/Walsh_G24_MLOD.p3d: Deactivated Tagg?
[09/06/2026 18:39:00] Error processing test_p3ds/Walsh_G3_aw_g_MLOD.p3d: Deactivated Tagg?
[09/06/2026 18:39:01] Error processing test_p3ds/Walsh_G3_aw_ng_MLOD.p3d: Deactivated Tagg?
[09/06/2026 18:39:01] Error processing test_p3ds/Walsh_G4_G_MLOD.p3d: Deactivated Tagg?
[09/06/2026 18:39:02] Error processing test_p3ds/Walsh_G4_MLOD.p3d: Deactivated Tagg?
[09/06/2026 18:39:02] Error processing test_p3ds/Walsh_G4_QR_G_MLOD.p3d: Deactivated Tagg?
[09/06/2026 18:39:03] Error processing test_p3ds/Walsh_G4_QR_MLOD.p3d: Deactivated Tagg?
[09/06/2026 18:39:04] Error processing test_p3ds/Walsh_JPC_163_MLOD.p3d: Deactivated Tagg?
[09/06/2026 18:39:04] Error processing test_p3ds/Walsh_LV119_MLOD.p3d: Deactivated Tagg?
[09/06/2026 18:39:05] Error processing test_p3ds/Walsh_LV119_Panel_MLOD.p3d: Deactivated Tagg?
[09/06/2026 18:39:05] Error processing test_p3ds/Walsh_SF_MLOD.p3d: Deactivated Tagg?
